// Jest Snapshot v1, https://jestjs.io/docs/snapshot-testing

exports[`it transforms images in markdown and uses getRemarkFileDependency when given 1`] = `
"<span
      class=\\"gatsby-resp-image-wrapper\\"
      style=\\"position: relative; display: block; margin-left: auto; margin-right: auto; max-width: 300px; \\"
    >
      <a
    class=\\"gatsby-resp-image-link\\"
    href=\\"not-a-real-dir/not-a-real-dir/images/my-image.jpeg\\"
    style=\\"display: block\\"
    target=\\"_blank\\"
    rel=\\"noopener\\"
  >
    <span
    class=\\"gatsby-resp-image-background-image\\"
    style=\\"padding-bottom: 133.33333333333331%; position: relative; bottom: 0; left: 0; background-image: url('data:image/png;base64,iVBORw'); background-size: cover; display: block;\\"
  ></span>
  <img
        class=\\"gatsby-resp-image-image\\"
        alt=\\"image\\"
        title=\\"\\"
        src=\\"not-a-real-dir/not-a-real-dir/images/my-image.jpeg\\"
        srcset=\\"not-a-real-dir/not-a-real-dir/images/my-image.jpeg, not-a-real-dir/not-a-real-dir/images/my-image.jpeg\\"
        sizes=\\"(max-width: 650px) 100vw, 650px\\"
        style=\\"width:100%;height:100%;margin:0;vertical-align:middle;position:absolute;top:0;left:0;\\"
        loading=\\"lazy\\"
        decoding=\\"async\\"
      />
  </a>
    </span>"
`;
